mysql> show databases;
+--------------------+
| Database           |
+--------------------+
| balai_pengobatan   |
| information_schema |
| keretabooking      |
| kuliah             |
| mysql              |
| performance_schema |
| siper              |
| siperpus           |
| sys                |
+--------------------+
9 rows in set (0.43 sec)

mysql> create database Modul_latihan;
Query OK, 1 row affected (0.15 sec)

mysql> use Modul_latihan;
Database changed
mysql> create table Pelanggan (
    -> id_pelanggan varchar(10) primary key NOT NULL,
    -> nama varchar(50) NOT NULL,
    -> alamat varchar(100) NOT NULL,
    -> kota varchar(50) NOT NULL,
    -> telepon varchar(15) UNIQUE
    -> );
Query OK, 0 rows affected (1.00 sec)

mysql> create table Produk (
    -> id_produk varchar(10) primary key NOT NULL,
    -> nama_produk varchar(50) NOT NULL,
    -> kategori varchar(30) NOT NULL,
    -> harga decimal(10,2) NOT NULL,
    -> stok int(5) NOT NULL
    -> );
Query OK, 0 rows affected, 1 warning (0.20 sec)

mysql> create table Pesanan (
    -> id_pesanan varchar(10) primary key NOT NULL,
    -> tgl_pesanan date NOT NULL,
    -> FOREIGN KEY (id_pelanggan) REFERENCES Pelanggan(id_pelanggan) ON UPDATE CASCADE  ON DELETE CASCADE
    -> );
ERROR 1072 (42000): Key column 'id_pelanggan' doesn't exist in table
mysql> create table Pesanan (
    -> id_pesanan varchar(10) primary key NOT NULL,
    -> id_pelanggan varchar(10) NOT NULL,
    -> tgl_pesanan date NOT NULL,
    -> FOREIGN KEY (id_pelanggan) REFERENCES Pelanggan(id_pelanggan) ON UPDATE CASCADE  ON DELETE CASCADE
    -> );
Query OK, 0 rows affected (0.33 sec)

mysql> create table Detail_Pesanan (
    -> id_detail varchar(10) primary key NOT NULL,
    -> id_pesanan varchar(10) NOT NULL,
    -> id_produk varchar(10) NOT NULL,
    -> jumlah int(3) NOT NULL,
    -> total_harga decimal(10,2) NOT NULL,
    -> FOREIGN KEY (id_pesanan) REFERENCES Pesanan(id_pesanan) ON UPDATE CASCADE  ON DELETE CASCADE,
    -> FOREIGN KEY (id_produk) REFERENCES Produk(id_produk) ON UPDATE CASCADE  ON DELETE CASCADE
    -> );
Query OK, 0 rows affected, 1 warning (0.26 sec)

mysql> DESC Pelanggan;
+--------------+--------------+------+-----+---------+-------+
| Field        | Type         | Null | Key | Default | Extra |
+--------------+--------------+------+-----+---------+-------+
| id_pelanggan | varchar(10)  | NO   | PRI | NULL    |       |
| nama         | varchar(50)  | NO   |     | NULL    |       |
| alamat       | varchar(100) | NO   |     | NULL    |       |
| kota         | varchar(50)  | NO   |     | NULL    |       |
| telepon      | varchar(15)  | YES  | UNI | NULL    |       |
+--------------+--------------+------+-----+---------+-------+
5 rows in set (0.28 sec)

mysql> DESC Produk;
+-------------+---------------+------+-----+---------+-------+
| Field       | Type          | Null | Key | Default | Extra |
+-------------+---------------+------+-----+---------+-------+
| id_produk   | varchar(10)   | NO   | PRI | NULL    |       |
| nama_produk | varchar(50)   | NO   |     | NULL    |       |
| kategori    | varchar(30)   | NO   |     | NULL    |       |
| harga       | decimal(10,2) | NO   |     | NULL    |       |
| stok        | int           | NO   |     | NULL    |       |
+-------------+---------------+------+-----+---------+-------+
5 rows in set (0.00 sec)

mysql> DESC Pesanan;
+--------------+-------------+------+-----+---------+-------+
| Field        | Type        | Null | Key | Default | Extra |
+--------------+-------------+------+-----+---------+-------+
| id_pesanan   | varchar(10) | NO   | PRI | NULL    |       |
| id_pelanggan | varchar(10) | NO   | MUL | NULL    |       |
| tgl_pesanan  | date        | NO   |     | NULL    |       |
+--------------+-------------+------+-----+---------+-------+
3 rows in set (0.00 sec)

mysql> DESC Detail_Pesanan;
+-------------+---------------+------+-----+---------+-------+
| Field       | Type          | Null | Key | Default | Extra |
+-------------+---------------+------+-----+---------+-------+
| id_detail   | varchar(10)   | NO   | PRI | NULL    |       |
| id_pesanan  | varchar(10)   | NO   | MUL | NULL    |       |
| id_produk   | varchar(10)   | NO   | MUL | NULL    |       |
| jumlah      | int           | NO   |     | NULL    |       |
| total_harga | decimal(10,2) | NO   |     | NULL    |       |
+-------------+---------------+------+-----+---------+-------+
5 rows in set (0.02 sec)

mysql> INSERT INTO Pelanggan (id_pelanggan, nama, alamat, kota, telepon) VALUES
    -> ('CUST001', 'Budi Santoso', 'Jl. Merdeka No.1', 'Jakarta', '081234567890'),
    -> ('CUST002', 'Siti Aisyah', 'Jl. Melati No.15', 'Bandung', '081298765432'),
    -> ('CUST003', 'Dewi Lestari', 'Jl. Diponegoro No.20', 'Surabaya', '081377788899'),
    -> ('CUST004', 'Joko Widodo', 'Jl. Sudirman No.5', 'Semarang', '081234123456'),
    -> ('CUST005', 'Agus Salim', 'Jl. Ahmad Yani No.3', 'Medan', '082233445556'),
    -> ('CUST006', 'Rina Kartika', 'Jl. Mawar No.10', 'Yogyakarta', '081345678901'),
    -> ('CUST007', 'Doni Saputra', 'Jl. Anggrek No.8', 'Bandung', '081255667788'),
    -> ('CUST008', 'Sari Handayani', 'Jl. Sakura No.12', 'Denpasar', '081244556677'),
    -> ('CUST009', 'Andi Wijaya', 'Jl. Cemara No.6', 'Makassar', '081233344455'),
    -> ('CUST010', 'Maya Sari', 'Jl. Cempaka No.9', 'Palembang', '081255778899');
Query OK, 10 rows affected (0.35 sec)
Records: 10  Duplicates: 0  Warnings: 0

mysql> INSERT INTO Produk (id_produk, nama_produk, kategori, harga, stok) VALUES
    -> ('PROD001', 'Laptop Asus', 'Elektronik', 7500000.00, 50),
    -> ('PROD002', 'HP Samsung', 'Elektronik', 5000000.00, 40),
    -> ('PROD003', 'Headphone Sony', 'Aksesoris', 1500000.00, 100),
    -> ('PROD004', 'Printer Epson', 'Elektronik', 2000000.00, 30),
    -> ('PROD005', 'Meja Kerja', 'Furniture', 1200000.00, 20),
    -> ('PROD006', 'Kursi Gaming', 'Furniture', 2500000.00, 15);
Query OK, 6 rows affected (0.04 sec)
Records: 6  Duplicates: 0  Warnings: 0

mysql> INSERT INTO Produk (id_produk, nama_produk, kategori, harga, stok) VALUES
    -> ('PROD007', 'Router TP-Link', 'Networking', 500000.00, 60),
    -> ('PROD008', 'Flashdisk Sandisk 32GB', 'Aksesoris', 150000.00, 200),
    -> ('PROD009', 'Smartwatch Xiaomi', 'Wearable', 800000.00, 35),
    -> ('PROD010', 'Powerbank Anker 20K', 'Aksesoris', 350000.00, 80);
Query OK, 4 rows affected (0.03 sec)
Records: 4  Duplicates: 0  Warnings: 0

mysql> select * from Produk;
+-----------+------------------------+------------+------------+------+
| id_produk | nama_produk            | kategori   | harga      | stok |
+-----------+------------------------+------------+------------+------+
| PROD001   | Laptop Asus            | Elektronik | 7500000.00 |   50 |
| PROD002   | HP Samsung             | Elektronik | 5000000.00 |   40 |
| PROD003   | Headphone Sony         | Aksesoris  | 1500000.00 |  100 |
| PROD004   | Printer Epson          | Elektronik | 2000000.00 |   30 |
| PROD005   | Meja Kerja             | Furniture  | 1200000.00 |   20 |
| PROD006   | Kursi Gaming           | Furniture  | 2500000.00 |   15 |
| PROD007   | Router TP-Link         | Networking |  500000.00 |   60 |
| PROD008   | Flashdisk Sandisk 32GB | Aksesoris  |  150000.00 |  200 |
| PROD009   | Smartwatch Xiaomi      | Wearable   |  800000.00 |   35 |
| PROD010   | Powerbank Anker 20K    | Aksesoris  |  350000.00 |   80 |
+-----------+------------------------+------------+------------+------+
10 rows in set (0.04 sec)

mysql> INSERT INTO Pesanan (id_pesanan, id_pelanggan, tgl_pesanan) VALUES
    -> ('ORD001', 'CUST001', '2024-02-15'),
    -> ('ORD002', 'CUST002', '2024-02-16'),
    -> ('ORD003', 'CUST003', '2024-02-17'),
    -> ('ORD004', 'CUST004', '2024-02-18'),
    -> ('ORD005', 'CUST005', '2024-02-19'),
    -> ('ORD006', 'CUST006', '2024-02-20'),
    -> ('ORD007', 'CUST007', '2024-02-21'),
    -> ('ORD008', 'CUST008', '2024-02-22'),
    -> ('ORD009', 'CUST009', '2024-02-23'),
    -> ('ORD010', 'CUST010', '2024-02-24');
Query OK, 10 rows affected (0.08 sec)
Records: 10  Duplicates: 0  Warnings: 0

mysql> INSERT INTO Detail_Pesanan (id_detail, id_pesanan, id_produk, jumlah, total_harga) VALUES
    -> ('DET001', 'ORD001', 'PROD001', 1, 7500000.00),
    -> ('DET002', 'ORD002', 'PROD002', 2, 10000000.00),
    -> ('DET003', 'ORD003', 'PROD003', 3, 4500000.00),
    -> ('DET004', 'ORD004', 'PROD004', 1, 2000000.00),
    -> ('DET005', 'ORD005', 'PROD005', 2, 2400000.00),
    -> ('DET006', 'ORD006', 'PROD006', 1, 2500000.00),
    -> ('DET007', 'ORD007', 'PROD007', 4, 2000000.00),
    -> ('DET008', 'ORD008', 'PROD008', 5, 750000.00),
    -> ('DET009', 'ORD009', 'PROD009', 2, 1600000.00),
    -> ('DET010', 'ORD010', 'PROD010', 3, 1050000.00);
Query OK, 10 rows affected (0.04 sec)
Records: 10  Duplicates: 0  Warnings: 0

mysql> select * from pelanggan;
+--------------+----------------+----------------------+------------+--------------+
| id_pelanggan | nama           | alamat               | kota       | telepon      |
+--------------+----------------+----------------------+------------+--------------+
| CUST001      | Budi Santoso   | Jl. Merdeka No.1     | Jakarta    | 081234567890 |
| CUST002      | Siti Aisyah    | Jl. Melati No.15     | Bandung    | 081298765432 |
| CUST003      | Dewi Lestari   | Jl. Diponegoro No.20 | Surabaya   | 081377788899 |
| CUST004      | Joko Widodo    | Jl. Sudirman No.5    | Semarang   | 081234123456 |
| CUST005      | Agus Salim     | Jl. Ahmad Yani No.3  | Medan      | 082233445556 |
| CUST006      | Rina Kartika   | Jl. Mawar No.10      | Yogyakarta | 081345678901 |
| CUST007      | Doni Saputra   | Jl. Anggrek No.8     | Bandung    | 081255667788 |
| CUST008      | Sari Handayani | Jl. Sakura No.12     | Denpasar   | 081244556677 |
| CUST009      | Andi Wijaya    | Jl. Cemara No.6      | Makassar   | 081233344455 |
| CUST010      | Maya Sari      | Jl. Cempaka No.9     | Palembang  | 081255778899 |
+--------------+----------------+----------------------+------------+--------------+
10 rows in set (0.00 sec)

mysql> select * from produk;
+-----------+------------------------+------------+------------+------+
| id_produk | nama_produk            | kategori   | harga      | stok |
+-----------+------------------------+------------+------------+------+
| PROD001   | Laptop Asus            | Elektronik | 7500000.00 |   50 |
| PROD002   | HP Samsung             | Elektronik | 5000000.00 |   40 |
| PROD003   | Headphone Sony         | Aksesoris  | 1500000.00 |  100 |
| PROD004   | Printer Epson          | Elektronik | 2000000.00 |   30 |
| PROD005   | Meja Kerja             | Furniture  | 1200000.00 |   20 |
| PROD006   | Kursi Gaming           | Furniture  | 2500000.00 |   15 |
| PROD007   | Router TP-Link         | Networking |  500000.00 |   60 |
| PROD008   | Flashdisk Sandisk 32GB | Aksesoris  |  150000.00 |  200 |
| PROD009   | Smartwatch Xiaomi      | Wearable   |  800000.00 |   35 |
| PROD010   | Powerbank Anker 20K    | Aksesoris  |  350000.00 |   80 |
+-----------+------------------------+------------+------------+------+
10 rows in set (0.00 sec)

mysql> select * from pesanan;
+------------+--------------+-------------+
| id_pesanan | id_pelanggan | tgl_pesanan |
+------------+--------------+-------------+
| ORD001     | CUST001      | 2024-02-15  |
| ORD002     | CUST002      | 2024-02-16  |
| ORD003     | CUST003      | 2024-02-17  |
| ORD004     | CUST004      | 2024-02-18  |
| ORD005     | CUST005      | 2024-02-19  |
| ORD006     | CUST006      | 2024-02-20  |
| ORD007     | CUST007      | 2024-02-21  |
| ORD008     | CUST008      | 2024-02-22  |
| ORD009     | CUST009      | 2024-02-23  |
| ORD010     | CUST010      | 2024-02-24  |
+------------+--------------+-------------+
10 rows in set (0.00 sec)

mysql> select * from Detail_Pesanan;
+-----------+------------+-----------+--------+-------------+
| id_detail | id_pesanan | id_produk | jumlah | total_harga |
+-----------+------------+-----------+--------+-------------+
| DET001    | ORD001     | PROD001   |      1 |  7500000.00 |
| DET002    | ORD002     | PROD002   |      2 | 10000000.00 |
| DET003    | ORD003     | PROD003   |      3 |  4500000.00 |
| DET004    | ORD004     | PROD004   |      1 |  2000000.00 |
| DET005    | ORD005     | PROD005   |      2 |  2400000.00 |
| DET006    | ORD006     | PROD006   |      1 |  2500000.00 |
| DET007    | ORD007     | PROD007   |      4 |  2000000.00 |
| DET008    | ORD008     | PROD008   |      5 |   750000.00 |
| DET009    | ORD009     | PROD009   |      2 |  1600000.00 |
| DET010    | ORD010     | PROD010   |      3 |  1050000.00 |
+-----------+------------+-----------+--------+-------------+
10 rows in set (0.00 sec)

mysql> select * from Pelanggan;
+--------------+----------------+----------------------+------------+--------------+
| id_pelanggan | nama           | alamat               | kota       | telepon      |
+--------------+----------------+----------------------+------------+--------------+
| CUST001      | Budi Santoso   | Jl. Merdeka No.1     | Jakarta    | 081234567890 |
| CUST002      | Siti Aisyah    | Jl. Melati No.15     | Bandung    | 081298765432 |
| CUST003      | Dewi Lestari   | Jl. Diponegoro No.20 | Surabaya   | 081377788899 |
| CUST004      | Joko Widodo    | Jl. Sudirman No.5    | Semarang   | 081234123456 |
| CUST005      | Agus Salim     | Jl. Ahmad Yani No.3  | Medan      | 082233445556 |
| CUST006      | Rina Kartika   | Jl. Mawar No.10      | Yogyakarta | 081345678901 |
| CUST007      | Doni Saputra   | Jl. Anggrek No.8     | Bandung    | 081255667788 |
| CUST008      | Sari Handayani | Jl. Sakura No.12     | Denpasar   | 081244556677 |
| CUST009      | Andi Wijaya    | Jl. Cemara No.6      | Makassar   | 081233344455 |
| CUST010      | Maya Sari      | Jl. Cempaka No.9     | Palembang  | 081255778899 |
+--------------+----------------+----------------------+------------+--------------+
10 rows in set (0.00 sec)

mysql> 2
    -> A
    -> select nama_produk from produk where kategori = 'Elektronik' and stok > 20;
ERROR 1064 (42000): You have an error in your SQL syntax; check the manual that corresponds to your MySQL server version for the right syntax to use near '2
A
select nama_produk from produk where kategori = 'Elektronik' and stok > 20' at line 1
mysql> select produk from produk where kategori = 'Elektronik' and stok > 20;
ERROR 1054 (42S22): Unknown column 'produk' in 'field list'
mysql> SELECT nama_produk 
    -> FROM Produk 
    -> WHERE kategori = 'Elektronik' 
    -> AND stok > 20;
+---------------+
| nama_produk   |
+---------------+
| Laptop Asus   |
| HP Samsung    |
| Printer Epson |
+---------------+
3 rows in set (0.03 sec)

mysql> 2 B
    -> SELECT nama_produk 
    -> FROM Produk 
    -> where id_produk not in(
    -> select distinct id_produk
    -> from Detail_pesanan);
ERROR 1064 (42000): You have an error in your SQL syntax; check the manual that corresponds to your MySQL server version for the right syntax to use near '2 B
SELECT nama_produk 
FROM Produk 
where id_produk not in(
select distinct id_' at line 1
mysql> SELECT nama_produk 
    -> FROM Produk 
    -> WHERE id_produk NOT IN (
    ->     SELECT DISTINCT id_produk 
    ->     FROM Detail_Pesanan
    -> );
Empty set (0.03 sec)

mysql> 
mysql> select * from Detail_Produk;
ERROR 1146 (42S02): Table 'modul_latihan.detail_produk' doesn't exist
mysql> select * from Detail_Pesanan;
+-----------+------------+-----------+--------+-------------+
| id_detail | id_pesanan | id_produk | jumlah | total_harga |
+-----------+------------+-----------+--------+-------------+
| DET001    | ORD001     | PROD001   |      1 |  7500000.00 |
| DET002    | ORD002     | PROD002   |      2 | 10000000.00 |
| DET003    | ORD003     | PROD003   |      3 |  4500000.00 |
| DET004    | ORD004     | PROD004   |      1 |  2000000.00 |
| DET005    | ORD005     | PROD005   |      2 |  2400000.00 |
| DET006    | ORD006     | PROD006   |      1 |  2500000.00 |
| DET007    | ORD007     | PROD007   |      4 |  2000000.00 |
| DET008    | ORD008     | PROD008   |      5 |   750000.00 |
| DET009    | ORD009     | PROD009   |      2 |  1600000.00 |
| DET010    | ORD010     | PROD010   |      3 |  1050000.00 |
+-----------+------------+-----------+--------+-------------+
10 rows in set (0.00 sec)

mysql> 2 C
    -> mysql> select a.nama_produk, a.kategori,    -> b.jumlah, b.total_harga    -> from detail_pesanan b    -> join produk a on b.id_produk = a.id_produk    -> join pesanan c on b.id_pesanan = c.id_pesanan    -> join pelanggan d on c.id_pelanggan = d.id_pelanggan    -> where d.nama = "Budi Santoso";
ERROR 1064 (42000): You have an error in your SQL syntax; check the manual that corresponds to your MySQL server version for the right syntax to use near '2 C
mysql> select a.nama_produk, a.kategori,    -> b.jumlah, b.total_harga    ->' at line 1
mysql> SELECT pr.nama_produk, pr.kategori, dp.jumlah, dp.total_harga
    -> FROM Detail_Pesanan dp
    -> JOIN Pesanan p ON dp.id_pesanan = p.id_pesanan
    -> JOIN Pelanggan pl ON p.id_pelanggan = pl.id_pelanggan
    -> JOIN Produk pr ON dp.id_produk = pr.id_produk
    -> WHERE pl.nama = 'Budi Santoso';
+-------------+------------+--------+-------------+
| nama_produk | kategori   | jumlah | total_harga |
+-------------+------------+--------+-------------+
| Laptop Asus | Elektronik |      1 |  7500000.00 |
+-------------+------------+--------+-------------+
1 row in set (0.16 sec)

mysql> 2 D
    -> SELECT pl.id_pelanggan, pl.nama, p.id_pesanan, p.tgl_pesanan
    -> FROM Pelanggan pl
    -> JOIN Pesanan p ON pl.id_pelanggan = p.id_pelanggan
    -> WHERE p.tgl_pesanan = '2024-02-15';
ERROR 1064 (42000): You have an error in your SQL syntax; check the manual that corresponds to your MySQL server version for the right syntax to use near '2 D
SELECT pl.id_pelanggan, pl.nama, p.id_pesanan, p.tgl_pesanan
FROM Pelanggan ' at line 1
mysql> SELECT pl.id_pelanggan, pl.nama, p.id_pesanan, p.tgl_pesanan
    -> FROM Pelanggan pl
    -> JOIN Pesanan p ON pl.id_pelanggan = p.id_pelanggan
    -> WHERE p.tgl_pesanan = '2024-02-15';
+--------------+--------------+------------+-------------+
| id_pelanggan | nama         | id_pesanan | tgl_pesanan |
+--------------+--------------+------------+-------------+
| CUST001      | Budi Santoso | ORD001     | 2024-02-15  |
+--------------+--------------+------------+-------------+
1 row in set (0.07 sec)

mysql> SELECT id_pelanggan, nama, 
    ->        (SELECT id_pesanan FROM Pesanan WHERE Pelanggan.id_pelanggan = Pesanan.id_pelanggan AND tgl_pesanan = '2024-02-15') AS id_pesanan, 
    ->        (SELECT tgl_pesanan FROM Pesanan WHERE Pelanggan.id_pelanggan = Pesanan.id_pelanggan AND tgl_pesanan = '2024-02-15') AS tgl_pesanan
    -> FROM Pelanggan
    -> WHERE id_pelanggan IN (SELECT id_pelanggan FROM Pesanan WHERE tgl_pesanan = '2024-02-15');
+--------------+--------------+------------+-------------+
| id_pelanggan | nama         | id_pesanan | tgl_pesanan |
+--------------+--------------+------------+-------------+
| CUST001      | Budi Santoso | ORD001     | 2024-02-15  |
+--------------+--------------+------------+-------------+
1 row in set (0.15 sec)

mysql> 2 E
    -> SELECT p.id_pelanggan, p.nama, 
    ->        (SELECT pr.nama_produk FROM Produk pr WHERE pr.id_produk = dp.id_produk) AS nama_produk,
    ->        (SELECT pr.kategori FROM Produk pr WHERE pr.id_produk = dp.id_produk) AS kategori,
    ->        (SELECT ps.tgl_pesanan FROM Pesanan ps WHERE ps.id_pesanan = dp.id_pesanan) AS tgl_pesanan
    -> FROM Pelanggan p
    -> JOIN Pesanan ps ON p.id_pelanggan = ps.id_pelanggan
    -> JOIN Detail_Pesanan dp ON ps.id_pesanan = dp.id_pesanan
    -> WHERE dp.id_produk IN (SELECT id_produk FROM Produk WHERE kategori = 'Aksesoris');
ERROR 1064 (42000): You have an error in your SQL syntax; check the manual that corresponds to your MySQL server version for the right syntax to use near '2 E
SELECT p.id_pelanggan, p.nama, 
       (SELECT pr.nama_produk FROM Produk pr' at line 1
mysql> SELECT p.id_pelanggan, p.nama, pr.nama_produk, pr.kategori, ps.tgl_pesanan
    -> FROM Pelanggan p
    -> JOIN Pesanan ps ON p.id_pelanggan = ps.id_pelanggan
    -> JOIN Detail_Pesanan dp ON ps.id_pesanan = dp.id_pesanan
    -> JOIN Produk pr ON dp.id_produk = pr.id_produk
    -> WHERE pr.kategori = 'Aksesoris';
+--------------+----------------+------------------------+-----------+-------------+
| id_pelanggan | nama           | nama_produk            | kategori  | tgl_pesanan |
+--------------+----------------+------------------------+-----------+-------------+
| CUST003      | Dewi Lestari   | Headphone Sony         | Aksesoris | 2024-02-17  |
| CUST008      | Sari Handayani | Flashdisk Sandisk 32GB | Aksesoris | 2024-02-22  |
| CUST010      | Maya Sari      | Powerbank Anker 20K    | Aksesoris | 2024-02-24  |
+--------------+----------------+------------------------+-----------+-------------+
3 rows in set (0.02 sec)

mysql> 2 F
    -> SELECT nama_produk, kategori, harga
    -> FROM Produk
    -> WHERE id_produk NOT IN (SELECT DISTINCT id_produk FROM Detail_Pesanan);
ERROR 1064 (42000): You have an error in your SQL syntax; check the manual that corresponds to your MySQL server version for the right syntax to use near '2 F
SELECT nama_produk, kategori, harga
FROM Produk
WHERE id_produk NOT IN (SELE' at line 1
mysql> SELECT nama_produk, kategori, harga
    -> FROM Produk
    -> WHERE id_produk NOT IN (SELECT DISTINCT id_produk FROM Detail_Pesanan);
Empty set (0.02 sec)

mysql> 3 A
    -> CREATE VIEW v_produk_terjual AS
    -> SELECT p.nama_produk, SUM(dp.jumlah) AS total_terjual
    -> FROM Produk p
    -> JOIN Detail_Pesanan dp ON p.id_produk = dp.id_produk
    -> GROUP BY p.nama_produk;
ERROR 1064 (42000): You have an error in your SQL syntax; check the manual that corresponds to your MySQL server version for the right syntax to use near '3 A
CREATE VIEW v_produk_terjual AS
SELECT p.nama_produk, SUM(dp.jumlah) AS tota' at line 1
mysql> CREATE VIEW v_produk_terjual AS
    -> SELECT p.nama_produk, SUM(dp.jumlah) AS total_terjual
    -> FROM Produk p
    -> JOIN Detail_Pesanan dp ON p.id_produk = dp.id_produk
    -> GROUP BY p.nama_produk;
Query OK, 0 rows affected (0.30 sec)

mysql> 3 B
    -> CREATE VIEW v_transaksi_pelanggan AS
    -> SELECT pl.nama, ps.tgl_pesanan, SUM(dp.total_harga) AS total_pesanan
    -> FROM Pelanggan pl
    -> JOIN Pesanan ps ON pl.id_pelanggan = ps.id_pelanggan
    -> JOIN Detail_Pesanan dp ON ps.id_pesanan = dp.id_pesanan
    -> GROUP BY pl.nama, ps.tgl_pesanan;
ERROR 1064 (42000): You have an error in your SQL syntax; check the manual that corresponds to your MySQL server version for the right syntax to use near '3 B
CREATE VIEW v_transaksi_pelanggan AS
SELECT pl.nama, ps.tgl_pesanan, SUM(dp.' at line 1
mysql> CREATE VIEW v_transaksi_pelanggan AS
    -> SELECT pl.nama, ps.tgl_pesanan, SUM(dp.total_harga) AS total_pesanan
    -> FROM Pelanggan pl
    -> JOIN Pesanan ps ON pl.id_pelanggan = ps.id_pelanggan
    -> JOIN Detail_Pesanan dp ON ps.id_pesanan = dp.id_pesanan
    -> GROUP BY pl.nama, ps.tgl_pesanan;
Query OK, 0 rows affected (0.08 sec)

mysql> 3 C
    -> CREATE VIEW v_transaksi_per_kota AS
    -> SELECT pl.kota, COUNT(ps.id_pesanan) AS jumlah_transaksi
    -> FROM Pelanggan pl
    -> JOIN Pesanan ps ON pl.id_pelanggan = ps.id_pelanggan
    -> GROUP BY pl.kota;
ERROR 1064 (42000): You have an error in your SQL syntax; check the manual that corresponds to your MySQL server version for the right syntax to use near '3 C
CREATE VIEW v_transaksi_per_kota AS
SELECT pl.kota, COUNT(ps.id_pesanan) AS ' at line 1
mysql> CREATE VIEW v_transaksi_per_kota AS
    -> SELECT pl.kota, COUNT(ps.id_pesanan) AS jumlah_transaksi
    -> FROM Pelanggan pl
    -> JOIN Pesanan ps ON pl.id_pelanggan = ps.id_pelanggan
    -> GROUP BY pl.kota;
Query OK, 0 rows affected (0.04 sec)

mysql> 3 D
    -> SELECT * FROM v_transaksi_per_kota;
ERROR 1064 (42000): You have an error in your SQL syntax; check the manual that corresponds to your MySQL server version for the right syntax to use near '3 D
SELECT * FROM v_transaksi_per_kota' at line 1
mysql> DROP VIEW IF EXISTS v_produk_terjual;
Query OK, 0 rows affected (0.17 sec)

mysql> DROP VIEW IF EXISTS v_transaksi_pelanggan;
Query OK, 0 rows affected (0.38 sec)

mysql> DROP VIEW IF EXISTS v_transaksi_per_kota;
Query OK, 0 rows affected (0.11 sec)

mysql> DROP TABLE IF EXISTS Detail_Pesanan;
Query OK, 0 rows affected (0.40 sec)

mysql> DROP TABLE IF EXISTS Pesanan;
Query OK, 0 rows affected (0.07 sec)

mysql> DROP TABLE IF EXISTS Produk;
Query OK, 0 rows affected (0.06 sec)

mysql> DROP TABLE IF EXISTS Pelanggan;
Query OK, 0 rows affected (0.06 sec)

mysql> DROP DATABASE IF EXISTS nama_database;
Query OK, 0 rows affected, 1 warning (0.08 sec)

mysql> DROP DATABASE modul_latihan;
Query OK, 0 rows affected (0.38 sec)

mysql> show databases
    -> ;
+--------------------+
| Database           |
+--------------------+
| balai_pengobatan   |
| information_schema |
| keretabooking      |
| kuliah             |
| mysql              |
| performance_schema |
| siper              |
| siperpus           |
| sys                |
+--------------------+
9 rows in set (0.14 sec)

mysql> Terminal close -- exit!
